// Jest Snapshot v1, https://goo.gl/fbAQLP

exports[`Badge should be rendered 1`] = `
<div
  className={undefined}
  style={
    Object {
      "WebkitTapHighlightColor": "rgba(0,0,0,0)",
      "backgroundColor": "transparent",
      "borderRadius": "50%",
      "boxShadow": "0 3px 10px rgba(0, 0, 0, 0.16),
         0 3px 10px rgba(0, 0, 0, 0.23)",
      "boxSizing": "border-box",
      "color": "rgba(0, 0, 0, 0.87)",
      "display": "inline-block",
      "fontFamily": "Roboto, sans-serif",
      "fontSize": "1.5em",
      "margin": "5px",
      "muiPrepared": true,
      "transition": "all 450ms cubic-bezier(0.23, 1, 0.32, 1) 0ms",
    }
  }
>
  <button
    disabled={false}
    onBlur={[Function]}
    onClick={[Function]}
    onFocus={[Function]}
    onKeyDown={[Function]}
    onKeyUp={[Function]}
    onMouseDown={[Function]}
    onMouseEnter={[Function]}
    onMouseLeave={[Function]}
    onMouseUp={[Function]}
    onTouchEnd={[Function]}
    onTouchStart={[Function]}
    style={
      Object {
        "WebkitTapHighlightColor": "rgba(0, 0, 0, 0)",
        "backgroundColor": "#ffd700",
        "border": 10,
        "borderRadius": "50%",
        "boxSizing": "border-box",
        "color": "white",
        "cursor": "pointer",
        "display": "inline-block",
        "fontFamily": "Roboto, sans-serif",
        "fontSize": "inherit",
        "fontWeight": "inherit",
        "height": 40,
        "margin": 0,
        "muiPrepared": true,
        "outline": "none",
        "overflow": "hidden",
        "padding": 0,
        "position": "relative",
        "textAlign": "center",
        "textDecoration": "none",
        "transition": "all 450ms cubic-bezier(0.23, 1, 0.32, 1) 0ms",
        "verticalAlign": "bottom",
        "width": 40,
      }
    }
    tabIndex={0}
    title="+ Gold"
    type="button"
  >
    <div
      onMouseDown={[Function]}
      onMouseLeave={[Function]}
      onMouseUp={[Function]}
      onTouchEnd={[Function]}
      onTouchStart={[Function]}
    >
      <div
        style={
          Object {
            "muiPrepared": true,
            "top": 0,
            "transition": "all 450ms cubic-bezier(0.23, 1, 0.32, 1) 0ms",
          }
        }
      >
        +
      </div>
    </div>
  </button>
</div>
`;
