// Jest Snapshot v1, https://goo.gl/fbAQLP

exports[`ScoreBoard should render showScoreBoard 1`] = `
<div>
  <h3>
    Scoreboard
  </h3>
  <div>
    <div>
      <div
        style={
          Object {
            "WebkitTapHighlightColor": "rgba(0,0,0,0)",
            "backgroundColor": "transparent",
            "borderRadius": "50%",
            "boxShadow": "0 3px 10px rgba(0, 0, 0, 0.16),
         0 3px 10px rgba(0, 0, 0, 0.23)",
            "boxSizing": "border-box",
            "color": "rgba(0, 0, 0, 0.87)",
            "display": "inline-block",
            "fontFamily": "Roboto, sans-serif",
            "fontSize": "1.5em",
            "margin": "5px",
            "muiPrepared": true,
            "transition": "all 450ms cubic-bezier(0.23, 1, 0.32, 1) 0ms",
          }
        }
      >
        <button
          disabled={false}
          onBlur={[Function]}
          onClick={[Function]}
          onFocus={[Function]}
          onKeyDown={[Function]}
          onKeyUp={[Function]}
          onMouseDown={[Function]}
          onMouseEnter={[Function]}
          onMouseLeave={[Function]}
          onMouseUp={[Function]}
          onTouchEnd={[Function]}
          onTouchStart={[Function]}
          style={
            Object {
              "WebkitTapHighlightColor": "rgba(0, 0, 0, 0)",
              "backgroundColor": "#ffd700",
              "border": 10,
              "borderRadius": "50%",
              "boxSizing": "border-box",
              "color": "white",
              "cursor": "pointer",
              "display": "inline-block",
              "fontFamily": "Roboto, sans-serif",
              "fontSize": "inherit",
              "fontWeight": "inherit",
              "height": 40,
              "margin": 0,
              "muiPrepared": true,
              "outline": "none",
              "overflow": "hidden",
              "padding": 0,
              "position": "relative",
              "textAlign": "center",
              "textDecoration": "none",
              "transition": "all 450ms cubic-bezier(0.23, 1, 0.32, 1) 0ms",
              "verticalAlign": "bottom",
              "width": 40,
            }
          }
          tabIndex={0}
          title="0 Gold"
          type="button"
        >
          <div
            onMouseDown={[Function]}
            onMouseLeave={[Function]}
            onMouseUp={[Function]}
            onTouchEnd={[Function]}
            onTouchStart={[Function]}
          >
            <div
              style={
                Object {
                  "muiPrepared": true,
                  "top": 0,
                  "transition": "all 450ms cubic-bezier(0.23, 1, 0.32, 1) 0ms",
                }
              }
            >
              0
            </div>
          </div>
        </button>
      </div>
      <span>
        Gold Badge(s) - 2 seconds or less (per question)
      </span>
    </div>
    <div>
      <div
        style={
          Object {
            "WebkitTapHighlightColor": "rgba(0,0,0,0)",
            "backgroundColor": "transparent",
            "borderRadius": "50%",
            "boxShadow": "0 3px 10px rgba(0, 0, 0, 0.16),
         0 3px 10px rgba(0, 0, 0, 0.23)",
            "boxSizing": "border-box",
            "color": "rgba(0, 0, 0, 0.87)",
            "display": "inline-block",
            "fontFamily": "Roboto, sans-serif",
            "fontSize": "1.5em",
            "margin": "5px",
            "muiPrepared": true,
            "transition": "all 450ms cubic-bezier(0.23, 1, 0.32, 1) 0ms",
          }
        }
      >
        <button
          disabled={false}
          onBlur={[Function]}
          onClick={[Function]}
          onFocus={[Function]}
          onKeyDown={[Function]}
          onKeyUp={[Function]}
          onMouseDown={[Function]}
          onMouseEnter={[Function]}
          onMouseLeave={[Function]}
          onMouseUp={[Function]}
          onTouchEnd={[Function]}
          onTouchStart={[Function]}
          style={
            Object {
              "WebkitTapHighlightColor": "rgba(0, 0, 0, 0)",
              "backgroundColor": "#c0c0c0",
              "border": 10,
              "borderRadius": "50%",
              "boxSizing": "border-box",
              "color": "white",
              "cursor": "pointer",
              "display": "inline-block",
              "fontFamily": "Roboto, sans-serif",
              "fontSize": "inherit",
              "fontWeight": "inherit",
              "height": 40,
              "margin": 0,
              "muiPrepared": true,
              "outline": "none",
              "overflow": "hidden",
              "padding": 0,
              "position": "relative",
              "textAlign": "center",
              "textDecoration": "none",
              "transition": "all 450ms cubic-bezier(0.23, 1, 0.32, 1) 0ms",
              "verticalAlign": "bottom",
              "width": 40,
            }
          }
          tabIndex={0}
          title="0 Silver"
          type="button"
        >
          <div
            onMouseDown={[Function]}
            onMouseLeave={[Function]}
            onMouseUp={[Function]}
            onTouchEnd={[Function]}
            onTouchStart={[Function]}
          >
            <div
              style={
                Object {
                  "muiPrepared": true,
                  "top": 0,
                  "transition": "all 450ms cubic-bezier(0.23, 1, 0.32, 1) 0ms",
                }
              }
            >
              0
            </div>
          </div>
        </button>
      </div>
      <span>
        Silver Badge(s) - between 2 and 3 seconds (per question)
      </span>
    </div>
    <div>
      <div
        style={
          Object {
            "WebkitTapHighlightColor": "rgba(0,0,0,0)",
            "backgroundColor": "transparent",
            "borderRadius": "50%",
            "boxShadow": "0 3px 10px rgba(0, 0, 0, 0.16),
         0 3px 10px rgba(0, 0, 0, 0.23)",
            "boxSizing": "border-box",
            "color": "rgba(0, 0, 0, 0.87)",
            "display": "inline-block",
            "fontFamily": "Roboto, sans-serif",
            "fontSize": "1.5em",
            "margin": "5px",
            "muiPrepared": true,
            "transition": "all 450ms cubic-bezier(0.23, 1, 0.32, 1) 0ms",
          }
        }
      >
        <button
          disabled={false}
          onBlur={[Function]}
          onClick={[Function]}
          onFocus={[Function]}
          onKeyDown={[Function]}
          onKeyUp={[Function]}
          onMouseDown={[Function]}
          onMouseEnter={[Function]}
          onMouseLeave={[Function]}
          onMouseUp={[Function]}
          onTouchEnd={[Function]}
          onTouchStart={[Function]}
          style={
            Object {
              "WebkitTapHighlightColor": "rgba(0, 0, 0, 0)",
              "backgroundColor": "#8C7853",
              "border": 10,
              "borderRadius": "50%",
              "boxSizing": "border-box",
              "color": "white",
              "cursor": "pointer",
              "display": "inline-block",
              "fontFamily": "Roboto, sans-serif",
              "fontSize": "inherit",
              "fontWeight": "inherit",
              "height": 40,
              "margin": 0,
              "muiPrepared": true,
              "outline": "none",
              "overflow": "hidden",
              "padding": 0,
              "position": "relative",
              "textAlign": "center",
              "textDecoration": "none",
              "transition": "all 450ms cubic-bezier(0.23, 1, 0.32, 1) 0ms",
              "verticalAlign": "bottom",
              "width": 40,
            }
          }
          tabIndex={0}
          title="0 Bronze"
          type="button"
        >
          <div
            onMouseDown={[Function]}
            onMouseLeave={[Function]}
            onMouseUp={[Function]}
            onTouchEnd={[Function]}
            onTouchStart={[Function]}
          >
            <div
              style={
                Object {
                  "muiPrepared": true,
                  "top": 0,
                  "transition": "all 450ms cubic-bezier(0.23, 1, 0.32, 1) 0ms",
                }
              }
            >
              0
            </div>
          </div>
        </button>
      </div>
      <span>
        Bronze Badge(s) - between 3 and 4 seconds (per question)
      </span>
    </div>
    <div>
      <div
        style={
          Object {
            "WebkitTapHighlightColor": "rgba(0,0,0,0)",
            "backgroundColor": "transparent",
            "borderRadius": "50%",
            "boxShadow": "0 3px 10px rgba(0, 0, 0, 0.16),
         0 3px 10px rgba(0, 0, 0, 0.23)",
            "boxSizing": "border-box",
            "color": "rgba(0, 0, 0, 0.87)",
            "display": "inline-block",
            "fontFamily": "Roboto, sans-serif",
            "fontSize": "1.5em",
            "margin": "5px",
            "muiPrepared": true,
            "transition": "all 450ms cubic-bezier(0.23, 1, 0.32, 1) 0ms",
          }
        }
      >
        <button
          disabled={false}
          onBlur={[Function]}
          onClick={[Function]}
          onFocus={[Function]}
          onKeyDown={[Function]}
          onKeyUp={[Function]}
          onMouseDown={[Function]}
          onMouseEnter={[Function]}
          onMouseLeave={[Function]}
          onMouseUp={[Function]}
          onTouchEnd={[Function]}
          onTouchStart={[Function]}
          style={
            Object {
              "WebkitTapHighlightColor": "rgba(0, 0, 0, 0)",
              "backgroundColor": "lightblue",
              "border": 10,
              "borderRadius": "50%",
              "boxSizing": "border-box",
              "color": "white",
              "cursor": "pointer",
              "display": "inline-block",
              "fontFamily": "Roboto, sans-serif",
              "fontSize": "inherit",
              "fontWeight": "inherit",
              "height": 40,
              "margin": 0,
              "muiPrepared": true,
              "outline": "none",
              "overflow": "hidden",
              "padding": 0,
              "position": "relative",
              "textAlign": "center",
              "textDecoration": "none",
              "transition": "all 450ms cubic-bezier(0.23, 1, 0.32, 1) 0ms",
              "verticalAlign": "bottom",
              "width": 40,
            }
          }
          tabIndex={0}
          title="1 Blue"
          type="button"
        >
          <div
            onMouseDown={[Function]}
            onMouseLeave={[Function]}
            onMouseUp={[Function]}
            onTouchEnd={[Function]}
            onTouchStart={[Function]}
          >
            <div
              style={
                Object {
                  "muiPrepared": true,
                  "top": 0,
                  "transition": "all 450ms cubic-bezier(0.23, 1, 0.32, 1) 0ms",
                }
              }
            >
              1
            </div>
          </div>
        </button>
      </div>
      <span>
        Blue Badge(s) - more than 4 seconds (per question)
      </span>
    </div>
  </div>
  <div
    style={
      Object {
        "height": "auto",
        "muiPrepared": true,
        "overflow": "auto",
      }
    }
  >
    <div
      style={
        Object {
          "muiPrepared": true,
        }
      }
    >
      <table
        style={
          Object {
            "backgroundColor": "#ffffff",
            "borderCollapse": "collapse",
            "borderSpacing": 0,
            "fontFamily": "Roboto, sans-serif",
            "tableLayout": "fixed",
            "width": "100%",
          }
        }
      >
        <thead
          style={
            Object {
              "borderBottom": "1px solid #e0e0e0",
              "muiPrepared": true,
            }
          }
        >
          <tr
            style={
              Object {
                "borderBottom": "1px solid #e0e0e0",
                "color": "rgba(0, 0, 0, 0.87)",
                "height": 48,
                "muiPrepared": true,
              }
            }
          >
            <th
              onClick={[Function]}
              onMouseEnter={[Function]}
              onMouseLeave={[Function]}
              style={
                Object {
                  "backgroundColor": "inherit",
                  "color": "#9e9e9e",
                  "fontSize": 12,
                  "fontWeight": "normal",
                  "height": 56,
                  "muiPrepared": true,
                  "paddingLeft": 24,
                  "paddingRight": 24,
                  "position": "relative",
                  "textAlign": "left",
                  "textOverflow": "ellipsis",
                  "whiteSpace": "nowrap",
                }
              }
            >
              Level
            </th>
            <th
              onClick={[Function]}
              onMouseEnter={[Function]}
              onMouseLeave={[Function]}
              style={
                Object {
                  "backgroundColor": "inherit",
                  "color": "#9e9e9e",
                  "fontSize": 12,
                  "fontWeight": "normal",
                  "height": 56,
                  "muiPrepared": true,
                  "paddingLeft": 24,
                  "paddingRight": 24,
                  "position": "relative",
                  "textAlign": "left",
                  "textOverflow": "ellipsis",
                  "whiteSpace": "nowrap",
                }
              }
            >
              Addition
            </th>
          </tr>
        </thead>
      </table>
    </div>
    <div
      style={
        Object {
          "height": "inherit",
          "muiPrepared": true,
          "overflowX": "hidden",
          "overflowY": "auto",
        }
      }
    >
      <table
        style={
          Object {
            "backgroundColor": "#ffffff",
            "borderCollapse": "collapse",
            "borderSpacing": 0,
            "fontFamily": "Roboto, sans-serif",
            "tableLayout": "fixed",
            "width": "100%",
          }
        }
      >
        <tbody
          style={
            Object {
              "muiPrepared": true,
            }
          }
        >
          <tr
            style={
              Object {
                "borderBottom": false,
                "color": "rgba(0, 0, 0, 0.87)",
                "height": 48,
                "muiPrepared": true,
              }
            }
          >
            <td
              onClick={[Function]}
              onMouseEnter={[Function]}
              onMouseLeave={[Function]}
              style={
                Object {
                  "backgroundColor": "inherit",
                  "fontSize": 13,
                  "height": 48,
                  "muiPrepared": true,
                  "overflow": "hidden",
                  "paddingLeft": 24,
                  "paddingRight": 24,
                  "textAlign": "left",
                  "textOverflow": "ellipsis",
                  "whiteSpace": "nowrap",
                }
              }
            >
              A
            </td>
            <td
              onClick={[Function]}
              onMouseEnter={[Function]}
              onMouseLeave={[Function]}
              style={
                Object {
                  "backgroundColor": "inherit",
                  "fontSize": 13,
                  "height": 48,
                  "muiPrepared": true,
                  "overflow": "hidden",
                  "paddingLeft": 24,
                  "paddingRight": 24,
                  "textAlign": "left",
                  "textOverflow": "ellipsis",
                  "whiteSpace": "nowrap",
                }
              }
            >
              <span>
                <div
                  style={
                    Object {
                      "WebkitTapHighlightColor": "rgba(0,0,0,0)",
                      "backgroundColor": "transparent",
                      "borderRadius": "50%",
                      "boxShadow": "0 3px 10px rgba(0, 0, 0, 0.16),
         0 3px 10px rgba(0, 0, 0, 0.23)",
                      "boxSizing": "border-box",
                      "color": "rgba(0, 0, 0, 0.87)",
                      "display": "inline-block",
                      "fontFamily": "Roboto, sans-serif",
                      "fontSize": "1.5em",
                      "margin": "5px",
                      "muiPrepared": true,
                      "transition": "all 450ms cubic-bezier(0.23, 1, 0.32, 1) 0ms",
                    }
                  }
                >
                  <button
                    disabled={false}
                    onBlur={[Function]}
                    onClick={[Function]}
                    onFocus={[Function]}
                    onKeyDown={[Function]}
                    onKeyUp={[Function]}
                    onMouseDown={[Function]}
                    onMouseEnter={[Function]}
                    onMouseLeave={[Function]}
                    onMouseUp={[Function]}
                    onTouchEnd={[Function]}
                    onTouchStart={[Function]}
                    style={
                      Object {
                        "WebkitTapHighlightColor": "rgba(0, 0, 0, 0)",
                        "backgroundColor": "lightblue",
                        "border": 10,
                        "borderRadius": "50%",
                        "boxSizing": "border-box",
                        "color": "white",
                        "cursor": "pointer",
                        "display": "inline-block",
                        "fontFamily": "Roboto, sans-serif",
                        "fontSize": "inherit",
                        "fontWeight": "inherit",
                        "height": 40,
                        "margin": 0,
                        "muiPrepared": true,
                        "outline": "none",
                        "overflow": "hidden",
                        "padding": 0,
                        "position": "relative",
                        "textAlign": "center",
                        "textDecoration": "none",
                        "transition": "all 450ms cubic-bezier(0.23, 1, 0.32, 1) 0ms",
                        "verticalAlign": "bottom",
                        "width": 40,
                      }
                    }
                    tabIndex={0}
                    title="1 Blue"
                    type="button"
                  >
                    <div
                      onMouseDown={[Function]}
                      onMouseLeave={[Function]}
                      onMouseUp={[Function]}
                      onTouchEnd={[Function]}
                      onTouchStart={[Function]}
                    >
                      <div
                        style={
                          Object {
                            "muiPrepared": true,
                            "top": 0,
                            "transition": "all 450ms cubic-bezier(0.23, 1, 0.32, 1) 0ms",
                          }
                        }
                      >
                        1
                      </div>
                    </div>
                  </button>
                </div>
              </span>
            </td>
          </tr>
        </tbody>
      </table>
    </div>
  </div>
</div>
`;
